Warning: You are sending unauthenticated requests to the HF Hub. Please set a HF_TOKEN to enable higher rate limits and faster downloads.
Fetching 5 files:   0%|          | 0/5 [00:00<?, ?it/s]Fetching 5 files: 100%|██████████| 5/5 [00:00<00:00, 1024.25it/s]
Loading weights:   0%|          | 0/876 [00:00<?, ?it/s]Loading weights:  18%|█▊        | 159/876 [00:00<00:00, 1560.93it/s]Loading weights:  36%|███▌      | 316/876 [00:00<00:00, 1415.60it/s]Loading weights:  52%|█████▏    | 459/876 [00:00<00:00, 1345.17it/s]Loading weights:  68%|██████▊   | 595/876 [00:01<00:01, 257.66it/s] Loading weights:  78%|███████▊  | 681/876 [00:02<00:00, 209.51it/s]Loading weights:  85%|████████▍ | 741/876 [00:02<00:00, 182.35it/s]Loading weights:  90%|████████▉ | 785/876 [00:03<00:00, 165.49it/s]Loading weights:  93%|█████████▎| 819/876 [00:03<00:00, 156.16it/s]Loading weights:  97%|█████████▋| 846/876 [00:03<00:00, 150.91it/s]Loading weights:  99%|█████████▉| 869/876 [00:03<00:00, 143.64it/s]Loading weights: 100%|██████████| 876/876 [00:03<00:00, 228.96it/s]
  8/24  7s  0.86s/item  eta 0.2min
  16/24  14s  0.90s/item  eta 0.1min
  24/24  28s  1.19s/item  eta 0.0min

{
  "prompts": "artifacts/prompts/meld_dev_true.jsonl",
  "adapter": null,
  "n": 24,
  "UA": 12.0,
  "WA": 30.0,
  "F1": 12.0,
  "eswr_soft": 24.14,
  "format_compliance": 8.33,
  "parse_rate": 41.67,
  "verdict_counts": {
    "null": 11,
    "CONFLICT": 8,
    "AGREE": 5
  }
}

            neut   joy  sadn  ange  surp  fear  disg   recall
neutral        9     0     0     2     0     0     0    81.8%
joy            4     0     0     0     0     0     0     0.0%
sadness        1     0     0     1     0     0     0     0.0%
anger          1     0     0     0     0     0     0     0.0%
surprise       4     0     0     2     0     0     0     0.0%
fear           0     0     0     0     0     0     0     0.0%
disgust        0     0     0     0     0     0     0     0.0%

-> artifacts/results/smoke_true.json
